// Jest Snapshot v1, https://goo.gl/fbAQLP

exports[`Textarea Component renders without errors 1`] = `
<div>
  <div
    class="w-full mb-5 undefined"
  >
    <div
      class="relative flex flex-col gap-1"
    >
      <label
        class="ml-4 text-base font-semibold"
        for="testName"
      >
        Test Label
      </label>
      <textarea
        class="rounded-md bg-brand-background-primary px-2 py-1"
        cols="5"
        id="testName"
        name="testName"
        placeholder="Test Placeholder"
        rows="5"
      />
    </div>
  </div>
</div>
`;
